
*** Running vivado
    with args -log MLZedboard_wrapper.vdi -applog -m64 -product Vivado -messageDb vivado.pb -mode batch -source MLZedboard_wrapper.tcl -notrace


****** Vivado v2022.2 (64-bit)
  **** SW Build 3671981 on Fri Oct 14 04:59:54 MDT 2022
  **** IP Build 3669848 on Fri Oct 14 08:30:02 MDT 2022
    ** Copyright 1986-2022 Xilinx, Inc. All Rights Reserved.

source MLZedboard_wrapper.tcl -notrace
INFO: [IP_Flow 19-234] Refreshing IP repositories
INFO: [IP_Flow 19-1700] Loaded user IP repository '/tools/core-comblock/src'.
INFO: [IP_Flow 19-1700] Loaded user IP repository '/home/student/Documents/cursoML2025/git/ML_FPGA_UNMdP/labs/lab5/hlsPrj-model__mnistPQKD/myproject_prj/solution1/impl'.
INFO: [IP_Flow 19-2313] Loaded Vivado IP repository '/tools/Xilinx/Vivado/2022.2/data/ip'.
Command: link_design -top MLZedboard_wrapper -part xc7z020clg484-1
Design is defaulting to srcset: sources_1
Design is defaulting to constrset: constrs_1
INFO: [Device 21-403] Loading part xc7z020clg484-1
Netlist sorting complete. Time (s): cpu = 00:00:00.05 ; elapsed = 00:00:00.05 . Memory (MB): peak = 1617.492 ; gain = 0.000 ; free physical = 1412 ; free virtual = 7364
INFO: [Netlist 29-17] Analyzing 1254 Unisim elements for replacement
INFO: [Netlist 29-28] Unisim Transformation completed in 0 CPU seconds
INFO: [Project 1-479] Netlist was created with Vivado 2022.2
INFO: [Project 1-570] Preparing netlist for logic optimization
Parsing XDC File [/home/student/Documents/cursoML2025/git/ML_FPGA_UNMdP/labs/lab8/Lab8-01/Lab8-01.gen/sources_1/bd/MLZedboard/ip/MLZedboard_processing_system7_0_0/MLZedboard_processing_system7_0_0.xdc] for cell 'MLZedboard_i/processing_system7_0/inst'
WARNING: [Vivado 12-2489] -input_jitter contains time 0.389970 which will be rounded to 0.390 to ensure it is an integer multiple of 1 picosecond [/home/student/Documents/cursoML2025/git/ML_FPGA_UNMdP/labs/lab8/Lab8-01/Lab8-01.gen/sources_1/bd/MLZedboard/ip/MLZedboard_processing_system7_0_0/MLZedboard_processing_system7_0_0.xdc:21]
Finished Parsing XDC File [/home/student/Documents/cursoML2025/git/ML_FPGA_UNMdP/labs/lab8/Lab8-01/Lab8-01.gen/sources_1/bd/MLZedboard/ip/MLZedboard_processing_system7_0_0/MLZedboard_processing_system7_0_0.xdc] for cell 'MLZedboard_i/processing_system7_0/inst'
Parsing XDC File [/home/student/Documents/cursoML2025/git/ML_FPGA_UNMdP/labs/lab8/Lab8-01/Lab8-01.gen/sources_1/bd/MLZedboard/ip/MLZedboard_rst_ps7_0_100M_0/MLZedboard_rst_ps7_0_100M_0_board.xdc] for cell 'MLZedboard_i/rst_ps7_0_100M/U0'
Finished Parsing XDC File [/home/student/Documents/cursoML2025/git/ML_FPGA_UNMdP/labs/lab8/Lab8-01/Lab8-01.gen/sources_1/bd/MLZedboard/ip/MLZedboard_rst_ps7_0_100M_0/MLZedboard_rst_ps7_0_100M_0_board.xdc] for cell 'MLZedboard_i/rst_ps7_0_100M/U0'
Parsing XDC File [/home/student/Documents/cursoML2025/git/ML_FPGA_UNMdP/labs/lab8/Lab8-01/Lab8-01.gen/sources_1/bd/MLZedboard/ip/MLZedboard_rst_ps7_0_100M_0/MLZedboard_rst_ps7_0_100M_0.xdc] for cell 'MLZedboard_i/rst_ps7_0_100M/U0'
Finished Parsing XDC File [/home/student/Documents/cursoML2025/git/ML_FPGA_UNMdP/labs/lab8/Lab8-01/Lab8-01.gen/sources_1/bd/MLZedboard/ip/MLZedboard_rst_ps7_0_100M_0/MLZedboard_rst_ps7_0_100M_0.xdc] for cell 'MLZedboard_i/rst_ps7_0_100M/U0'
INFO: [Opt 31-138] Pushed 0 inverter(s) to 0 load pin(s).
Netlist sorting complete. Time (s): cpu = 00:00:00 ; elapsed = 00:00:00 . Memory (MB): peak = 1925.926 ; gain = 0.000 ; free physical = 1274 ; free virtual = 7227
INFO: [Project 1-111] Unisim Transformation Summary:
No Unisim elements were transformed.

11 Infos, 1 Warnings, 0 Critical Warnings and 0 Errors encountered.
link_design completed successfully
link_design: Time (s): cpu = 00:00:06 ; elapsed = 00:00:07 . Memory (MB): peak = 1925.926 ; gain = 644.934 ; free physical = 1274 ; free virtual = 7227
Command: opt_design
Attempting to get a license for feature 'Implementation' and/or device 'xc7z020'
INFO: [Common 17-349] Got license for feature 'Implementation' and/or device 'xc7z020'
Running DRC as a precondition to command opt_design

Starting DRC Task
INFO: [DRC 23-27] Running DRC with 8 threads
INFO: [Project 1-461] DRC finished with 0 Errors
INFO: [Project 1-462] Please refer to the DRC report (report_drc) for more information.

Time (s): cpu = 00:00:00.79 ; elapsed = 00:00:00.55 . Memory (MB): peak = 1925.926 ; gain = 0.000 ; free physical = 1274 ; free virtual = 7228

Starting Cache Timing Information Task
INFO: [Timing 38-35] Done setting XDC timing constraints.
Ending Cache Timing Information Task | Checksum: 13c75c3c6

Time (s): cpu = 00:00:04 ; elapsed = 00:00:04 . Memory (MB): peak = 2303.535 ; gain = 377.609 ; free physical = 929 ; free virtual = 6897

Starting Logic Optimization Task

Phase 1 Retarget
INFO: [Opt 31-1287] Pulled Inverter MLZedboard_i/comblock_0/U0/AXIL_inst/ram_reg_i_1 into driver instance MLZedboard_i/comblock_0/U0/AXIL_inst/ram_reg_i_2, which resulted in an inversion of 7 pins
INFO: [Opt 31-138] Pushed 0 inverter(s) to 0 load pin(s).
INFO: [Opt 31-49] Retargeted 0 cell(s).
Phase 1 Retarget | Checksum: 13d2b4258

Time (s): cpu = 00:00:00.26 ; elapsed = 00:00:00.16 . Memory (MB): peak = 2592.426 ; gain = 0.000 ; free physical = 696 ; free virtual = 6665
INFO: [Opt 31-389] Phase Retarget created 0 cells and removed 25 cells

Phase 2 Constant propagation
INFO: [Opt 31-138] Pushed 0 inverter(s) to 0 load pin(s).
Phase 2 Constant propagation | Checksum: 1634bf347

Time (s): cpu = 00:00:00.31 ; elapsed = 00:00:00.21 . Memory (MB): peak = 2592.426 ; gain = 0.000 ; free physical = 696 ; free virtual = 6665
INFO: [Opt 31-389] Phase Constant propagation created 1 cells and removed 11 cells

Phase 3 Sweep
Phase 3 Sweep | Checksum: 15b9a1692

Time (s): cpu = 00:00:00.41 ; elapsed = 00:00:00.31 . Memory (MB): peak = 2592.426 ; gain = 0.000 ; free physical = 696 ; free virtual = 6665
INFO: [Opt 31-389] Phase Sweep created 0 cells and removed 6 cells

Phase 4 BUFG optimization
Phase 4 BUFG optimization | Checksum: 15b9a1692

Time (s): cpu = 00:00:00.47 ; elapsed = 00:00:00.35 . Memory (MB): peak = 2624.441 ; gain = 32.016 ; free physical = 703 ; free virtual = 6671
INFO: [Opt 31-662] Phase BUFG optimization created 0 cells of which 0 are BUFGs and removed 0 cells.

Phase 5 Shift Register Optimization
INFO: [Opt 31-1064] SRL Remap converted 0 SRLs to 0 registers and converted 0 registers of register chains to 0 SRLs
Phase 5 Shift Register Optimization | Checksum: 15b9a1692

Time (s): cpu = 00:00:00.48 ; elapsed = 00:00:00.36 . Memory (MB): peak = 2624.441 ; gain = 32.016 ; free physical = 703 ; free virtual = 6671
INFO: [Opt 31-389] Phase Shift Register Optimization created 0 cells and removed 0 cells

Phase 6 Post Processing Netlist
Phase 6 Post Processing Netlist | Checksum: 15b9a1692

Time (s): cpu = 00:00:00.51 ; elapsed = 00:00:00.39 . Memory (MB): peak = 2624.441 ; gain = 32.016 ; free physical = 703 ; free virtual = 6671
INFO: [Opt 31-389] Phase Post Processing Netlist created 0 cells and removed 0 cells
Opt_design Change Summary
=========================


-------------------------------------------------------------------------------------------------------------------------
|  Phase                        |  #Cells created  |  #Cells Removed  |  #Constrained objects preventing optimizations  |
-------------------------------------------------------------------------------------------------------------------------
|  Retarget                     |               0  |              25  |                                              0  |
|  Constant propagation         |               1  |              11  |                                              0  |
|  Sweep                        |               0  |               6  |                                              0  |
|  BUFG optimization            |               0  |               0  |                                              0  |
|  Shift Register Optimization  |               0  |               0  |                                              0  |
|  Post Processing Netlist      |               0  |               0  |                                              0  |
-------------------------------------------------------------------------------------------------------------------------



Starting Connectivity Check Task

Time (s): cpu = 00:00:00.01 ; elapsed = 00:00:00 . Memory (MB): peak = 2624.441 ; gain = 0.000 ; free physical = 703 ; free virtual = 6671
Ending Logic Optimization Task | Checksum: f6fdebda

Time (s): cpu = 00:00:00.81 ; elapsed = 00:00:00.58 . Memory (MB): peak = 2624.441 ; gain = 32.016 ; free physical = 703 ; free virtual = 6671

Starting Power Optimization Task
INFO: [Pwropt 34-132] Skipping clock gating for clocks with a period < 2.00 ns.
INFO: [Pwropt 34-9] Applying IDT optimizations ...
INFO: [Pwropt 34-10] Applying ODC optimizations ...
INFO: [Timing 38-35] Done setting XDC timing constraints.
Running Vector-less Activity Propagation...

Finished Running Vector-less Activity Propagation


Starting PowerOpt Patch Enables Task
INFO: [Pwropt 34-162] WRITE_MODE attribute of 0 BRAM(s) out of a total of 2 has been updated to save power. Run report_power_opt to get a complete listing of the BRAMs updated.
INFO: [Pwropt 34-201] Structural ODC has moved 0 WE to EN ports
Number of BRAM Ports augmented: 0 newly gated: 0 Total Ports: 4
Ending PowerOpt Patch Enables Task | Checksum: f6fdebda

Time (s): cpu = 00:00:00.02 ; elapsed = 00:00:00.02 . Memory (MB): peak = 2886.395 ; gain = 0.000 ; free physical = 700 ; free virtual = 6672
Ending Power Optimization Task | Checksum: f6fdebda

Time (s): cpu = 00:00:01 ; elapsed = 00:00:00.7 . Memory (MB): peak = 2886.395 ; gain = 261.953 ; free physical = 709 ; free virtual = 6681

Starting Final Cleanup Task
Ending Final Cleanup Task | Checksum: f6fdebda

Time (s): cpu = 00:00:00 ; elapsed = 00:00:00 . Memory (MB): peak = 2886.395 ; gain = 0.000 ; free physical = 709 ; free virtual = 6681

Starting Netlist Obfuscation Task
Netlist sorting complete. Time (s): cpu = 00:00:00 ; elapsed = 00:00:00 . Memory (MB): peak = 2886.395 ; gain = 0.000 ; free physical = 709 ; free virtual = 6681
Ending Netlist Obfuscation Task | Checksum: f6fdebda

Time (s): cpu = 00:00:00 ; elapsed = 00:00:00.01 . Memory (MB): peak = 2886.395 ; gain = 0.000 ; free physical = 709 ; free virtual = 6681
INFO: [Common 17-83] Releasing license: Implementation
34 Infos, 1 Warnings, 0 Critical Warnings and 0 Errors encountered.
opt_design completed successfully
opt_design: Time (s): cpu = 00:00:08 ; elapsed = 00:00:07 . Memory (MB): peak = 2886.395 ; gain = 960.469 ; free physical = 709 ; free virtual = 6681
INFO: [Timing 38-480] Writing timing data to binary archive.
Writing XDEF routing.
Writing XDEF routing logical nets.
Writing XDEF routing special nets.
Write XDEF Complete: Time (s): cpu = 00:00:00.21 ; elapsed = 00:00:00.05 . Memory (MB): peak = 2886.395 ; gain = 0.000 ; free physical = 697 ; free virtual = 6672
INFO: [Common 17-1381] The checkpoint '/home/student/Documents/cursoML2025/git/ML_FPGA_UNMdP/labs/lab8/Lab8-01/Lab8-01.runs/impl_1/MLZedboard_wrapper_opt.dcp' has been generated.
INFO: [runtcl-4] Executing : report_drc -file MLZedboard_wrapper_drc_opted.rpt -pb MLZedboard_wrapper_drc_opted.pb -rpx MLZedboard_wrapper_drc_opted.rpx
Command: report_drc -file MLZedboard_wrapper_drc_opted.rpt -pb MLZedboard_wrapper_drc_opted.pb -rpx MLZedboard_wrapper_drc_opted.rpx
INFO: [IP_Flow 19-1839] IP Catalog is up to date.
INFO: [DRC 23-27] Running DRC with 8 threads
INFO: [Vivado_Tcl 2-168] The results of DRC are in file /home/student/Documents/cursoML2025/git/ML_FPGA_UNMdP/labs/lab8/Lab8-01/Lab8-01.runs/impl_1/MLZedboard_wrapper_drc_opted.rpt.
report_drc completed successfully
Command: place_design
Attempting to get a license for feature 'Implementation' and/or device 'xc7z020'
INFO: [Common 17-349] Got license for feature 'Implementation' and/or device 'xc7z020'
INFO: [DRC 23-27] Running DRC with 8 threads
INFO: [Vivado_Tcl 4-198] DRC finished with 0 Errors
INFO: [Vivado_Tcl 4-199] Please refer to the DRC report (report_drc) for more information.
Running DRC as a precondition to command place_design
INFO: [DRC 23-27] Running DRC with 8 threads
INFO: [Vivado_Tcl 4-198] DRC finished with 0 Errors
INFO: [Vivado_Tcl 4-199] Please refer to the DRC report (report_drc) for more information.

Starting Placer Task
INFO: [Place 30-611] Multithreading enabled for place_design using a maximum of 8 CPUs

Phase 1 Placer Initialization

Phase 1.1 Placer Initialization Netlist Sorting
Netlist sorting complete. Time (s): cpu = 00:00:00 ; elapsed = 00:00:00 . Memory (MB): peak = 2901.426 ; gain = 0.000 ; free physical = 681 ; free virtual = 6657
Phase 1.1 Placer Initialization Netlist Sorting | Checksum: 49ef8ea7

Time (s): cpu = 00:00:00 ; elapsed = 00:00:00.01 . Memory (MB): peak = 2901.426 ; gain = 0.000 ; free physical = 681 ; free virtual = 6657
Netlist sorting complete. Time (s): cpu = 00:00:00 ; elapsed = 00:00:00 . Memory (MB): peak = 2901.426 ; gain = 0.000 ; free physical = 681 ; free virtual = 6657

Phase 1.2 IO Placement/ Clock Placement/ Build Placer Device
INFO: [Timing 38-35] Done setting XDC timing constraints.
Phase 1.2 IO Placement/ Clock Placement/ Build Placer Device | Checksum: 3b89a667

Time (s): cpu = 00:00:00.94 ; elapsed = 00:00:00.46 . Memory (MB): peak = 2901.426 ; gain = 0.000 ; free physical = 670 ; free virtual = 6646

Phase 1.3 Build Placer Netlist Model
Phase 1.3 Build Placer Netlist Model | Checksum: 7a1620b2

Time (s): cpu = 00:00:02 ; elapsed = 00:00:01 . Memory (MB): peak = 2901.426 ; gain = 0.000 ; free physical = 677 ; free virtual = 6650

Phase 1.4 Constrain Clocks/Macros
Phase 1.4 Constrain Clocks/Macros | Checksum: 7a1620b2

Time (s): cpu = 00:00:02 ; elapsed = 00:00:01 . Memory (MB): peak = 2901.426 ; gain = 0.000 ; free physical = 677 ; free virtual = 6650
Phase 1 Placer Initialization | Checksum: 7a1620b2

Time (s): cpu = 00:00:02 ; elapsed = 00:00:01 . Memory (MB): peak = 2901.426 ; gain = 0.000 ; free physical = 677 ; free virtual = 6651

Phase 2 Global Placement

Phase 2.1 Floorplanning
Phase 2.1 Floorplanning | Checksum: 10f4bf1e5

Time (s): cpu = 00:00:04 ; elapsed = 00:00:01 . Memory (MB): peak = 2901.426 ; gain = 0.000 ; free physical = 683 ; free virtual = 6657

Phase 2.2 Update Timing before SLR Path Opt
Phase 2.2 Update Timing before SLR Path Opt | Checksum: 96c43ae3

Time (s): cpu = 00:00:05 ; elapsed = 00:00:02 . Memory (MB): peak = 2901.426 ; gain = 0.000 ; free physical = 684 ; free virtual = 6658

Phase 2.3 Post-Processing in Floorplanning
Phase 2.3 Post-Processing in Floorplanning | Checksum: 96c43ae3

Time (s): cpu = 00:00:05 ; elapsed = 00:00:02 . Memory (MB): peak = 2901.426 ; gain = 0.000 ; free physical = 684 ; free virtual = 6658

Phase 2.4 Global Placement Core

Phase 2.4.1 UpdateTiming Before Physical Synthesis
Phase 2.4.1 UpdateTiming Before Physical Synthesis | Checksum: 1446e6ca3

Time (s): cpu = 00:00:44 ; elapsed = 00:00:09 . Memory (MB): peak = 2901.426 ; gain = 0.000 ; free physical = 675 ; free virtual = 6650

Phase 2.4.2 Physical Synthesis In Placer
INFO: [Physopt 32-1035] Found 0 LUTNM shape to break, 75 LUT instances to create LUTNM shape
INFO: [Physopt 32-1044] Break lutnm for timing: one critical 0, two critical 0, total 0, new lutff created 0
INFO: [Physopt 32-1138] End 1 Pass. Optimized 35 nets or LUTs. Breaked 0 LUT, combined 35 existing LUTs and moved 0 existing LUT
INFO: [Physopt 32-65] No nets found for high-fanout optimization.
INFO: [Physopt 32-232] Optimized 0 net. Created 0 new instance.
INFO: [Physopt 32-775] End 1 Pass. Optimized 0 net or cell. Created 0 new cell, deleted 0 existing cell and moved 0 existing cell
INFO: [Physopt 32-670] No setup violation found.  DSP Register Optimization was not performed.
INFO: [Physopt 32-670] No setup violation found.  Shift Register to Pipeline Optimization was not performed.
INFO: [Physopt 32-670] No setup violation found.  Shift Register Optimization was not performed.
INFO: [Physopt 32-670] No setup violation found.  BRAM Register Optimization was not performed.
INFO: [Physopt 32-670] No setup violation found.  URAM Register Optimization was not performed.
INFO: [Physopt 32-949] No candidate nets found for dynamic/static region interface net replication
INFO: [Physopt 32-775] End 1 Pass. Optimized 0 net or cell. Created 0 new cell, deleted 0 existing cell and moved 0 existing cell
Netlist sorting complete. Time (s): cpu = 00:00:00 ; elapsed = 00:00:00 . Memory (MB): peak = 2901.426 ; gain = 0.000 ; free physical = 676 ; free virtual = 6653

Summary of Physical Synthesis Optimizations
============================================


-----------------------------------------------------------------------------------------------------------------------------------------------------------
|  Optimization                                     |  Added Cells  |  Removed Cells  |  Optimized Cells/Nets  |  Dont Touch  |  Iterations  |  Elapsed   |
-----------------------------------------------------------------------------------------------------------------------------------------------------------
|  LUT Combining                                    |            0  |             35  |                    35  |           0  |           1  |  00:00:00  |
|  Retime                                           |            0  |              0  |                     0  |           0  |           1  |  00:00:00  |
|  Very High Fanout                                 |            0  |              0  |                     0  |           0  |           1  |  00:00:00  |
|  DSP Register                                     |            0  |              0  |                     0  |           0  |           0  |  00:00:00  |
|  Shift Register to Pipeline                       |            0  |              0  |                     0  |           0  |           0  |  00:00:00  |
|  Shift Register                                   |            0  |              0  |                     0  |           0  |           0  |  00:00:00  |
|  BRAM Register                                    |            0  |              0  |                     0  |           0  |           0  |  00:00:00  |
|  URAM Register                                    |            0  |              0  |                     0  |           0  |           0  |  00:00:00  |
|  Dynamic/Static Region Interface Net Replication  |            0  |              0  |                     0  |           0  |           1  |  00:00:00  |
|  Total                                            |            0  |             35  |                    35  |           0  |           4  |  00:00:00  |
-----------------------------------------------------------------------------------------------------------------------------------------------------------


Phase 2.4.2 Physical Synthesis In Placer | Checksum: cdbe3e97

Time (s): cpu = 00:00:45 ; elapsed = 00:00:09 . Memory (MB): peak = 2901.426 ; gain = 0.000 ; free physical = 684 ; free virtual = 6661
Phase 2.4 Global Placement Core | Checksum: 196b1d740

Time (s): cpu = 00:01:07 ; elapsed = 00:00:13 . Memory (MB): peak = 2901.426 ; gain = 0.000 ; free physical = 685 ; free virtual = 6662
Phase 2 Global Placement | Checksum: 196b1d740

Time (s): cpu = 00:01:08 ; elapsed = 00:00:13 . Memory (MB): peak = 2901.426 ; gain = 0.000 ; free physical = 685 ; free virtual = 6662

Phase 3 Detail Placement

Phase 3.1 Commit Multi Column Macros
Phase 3.1 Commit Multi Column Macros | Checksum: d4c22baa

Time (s): cpu = 00:01:08 ; elapsed = 00:00:13 . Memory (MB): peak = 2901.426 ; gain = 0.000 ; free physical = 688 ; free virtual = 6665

Phase 3.2 Commit Most Macros & LUTRAMs
Phase 3.2 Commit Most Macros & LUTRAMs | Checksum: 1db73dfaa

Time (s): cpu = 00:01:10 ; elapsed = 00:00:14 . Memory (MB): peak = 2901.426 ; gain = 0.000 ; free physical = 683 ; free virtual = 6660

Phase 3.3 Area Swap Optimization
Phase 3.3 Area Swap Optimization | Checksum: 17f39ae5f

Time (s): cpu = 00:01:10 ; elapsed = 00:00:14 . Memory (MB): peak = 2901.426 ; gain = 0.000 ; free physical = 683 ; free virtual = 6660

Phase 3.4 Pipeline Register Optimization
Phase 3.4 Pipeline Register Optimization | Checksum: 1f1353b9f

Time (s): cpu = 00:01:10 ; elapsed = 00:00:14 . Memory (MB): peak = 2901.426 ; gain = 0.000 ; free physical = 683 ; free virtual = 6660

Phase 3.5 Small Shape Detail Placement
Phase 3.5 Small Shape Detail Placement | Checksum: 12032ca6f

Time (s): cpu = 00:01:12 ; elapsed = 00:00:15 . Memory (MB): peak = 2901.426 ; gain = 0.000 ; free physical = 671 ; free virtual = 6649

Phase 3.6 Re-assign LUT pins
Phase 3.6 Re-assign LUT pins | Checksum: 19946d050

Time (s): cpu = 00:01:12 ; elapsed = 00:00:15 . Memory (MB): peak = 2901.426 ; gain = 0.000 ; free physical = 672 ; free virtual = 6650

Phase 3.7 Pipeline Register Optimization
Phase 3.7 Pipeline Register Optimization | Checksum: 1eb522490

Time (s): cpu = 00:01:12 ; elapsed = 00:00:15 . Memory (MB): peak = 2901.426 ; gain = 0.000 ; free physical = 672 ; free virtual = 6649
Phase 3 Detail Placement | Checksum: 1eb522490

Time (s): cpu = 00:01:12 ; elapsed = 00:00:15 . Memory (MB): peak = 2901.426 ; gain = 0.000 ; free physical = 672 ; free virtual = 6649

Phase 4 Post Placement Optimization and Clean-Up

Phase 4.1 Post Commit Optimization
INFO: [Timing 38-35] Done setting XDC timing constraints.

Phase 4.1.1 Post Placement Optimization
Post Placement Optimization Initialization | Checksum: 20b38398d

Phase 4.1.1.1 BUFG Insertion

Starting Physical Synthesis Task

Phase 1 Physical Synthesis Initialization
INFO: [Physopt 32-721] Multithreading enabled for phys_opt_design using a maximum of 8 CPUs
INFO: [Physopt 32-619] Estimated Timing Summary | WNS=0.248 | TNS=0.000 |
Phase 1 Physical Synthesis Initialization | Checksum: 1d767dcaf

Time (s): cpu = 00:00:00.45 ; elapsed = 00:00:00.15 . Memory (MB): peak = 2901.426 ; gain = 0.000 ; free physical = 657 ; free virtual = 6635
INFO: [Place 46-56] BUFG insertion identified 0 candidate nets. Inserted BUFG: 0, Replicated BUFG Driver: 0, Skipped due to Placement/Routing Conflicts: 0, Skipped due to Timing Degradation: 0, Skipped due to Illegal Netlist: 0.
Ending Physical Synthesis Task | Checksum: 1f290be68

Time (s): cpu = 00:00:00.49 ; elapsed = 00:00:00.19 . Memory (MB): peak = 2901.426 ; gain = 0.000 ; free physical = 657 ; free virtual = 6634
Phase 4.1.1.1 BUFG Insertion | Checksum: 20b38398d

Time (s): cpu = 00:01:15 ; elapsed = 00:00:16 . Memory (MB): peak = 2901.426 ; gain = 0.000 ; free physical = 657 ; free virtual = 6634

Phase 4.1.1.2 Post Placement Timing Optimization
INFO: [Place 30-746] Post Placement Timing Summary WNS=0.509. For the most accurate timing information please run report_timing.
Phase 4.1.1.2 Post Placement Timing Optimization | Checksum: 12b94b6aa

Time (s): cpu = 00:01:16 ; elapsed = 00:00:17 . Memory (MB): peak = 2901.426 ; gain = 0.000 ; free physical = 653 ; free virtual = 6630

Time (s): cpu = 00:01:16 ; elapsed = 00:00:17 . Memory (MB): peak = 2901.426 ; gain = 0.000 ; free physical = 653 ; free virtual = 6630
Phase 4.1 Post Commit Optimization | Checksum: 12b94b6aa

Time (s): cpu = 00:01:16 ; elapsed = 00:00:17 . Memory (MB): peak = 2901.426 ; gain = 0.000 ; free physical = 653 ; free virtual = 6630

Phase 4.2 Post Placement Cleanup
Phase 4.2 Post Placement Cleanup | Checksum: 12b94b6aa

Time (s): cpu = 00:01:16 ; elapsed = 00:00:17 . Memory (MB): peak = 2901.426 ; gain = 0.000 ; free physical = 651 ; free virtual = 6629

Phase 4.3 Placer Reporting

Phase 4.3.1 Print Estimated Congestion
INFO: [Place 30-612] Post-Placement Estimated Congestion 
 ____________________________________________________
|           | Global Congestion | Short Congestion  |
| Direction | Region Size       | Region Size       |
|___________|___________________|___________________|
|      North|                1x1|                1x1|
|___________|___________________|___________________|
|      South|                1x1|                1x1|
|___________|___________________|___________________|
|       East|                1x1|                1x1|
|___________|___________________|___________________|
|       West|                1x1|                1x1|
|___________|___________________|___________________|

Phase 4.3.1 Print Estimated Congestion | Checksum: 12b94b6aa

Time (s): cpu = 00:01:16 ; elapsed = 00:00:17 . Memory (MB): peak = 2901.426 ; gain = 0.000 ; free physical = 651 ; free virtual = 6629
Phase 4.3 Placer Reporting | Checksum: 12b94b6aa

Time (s): cpu = 00:01:16 ; elapsed = 00:00:17 . Memory (MB): peak = 2901.426 ; gain = 0.000 ; free physical = 651 ; free virtual = 6629

Phase 4.4 Final Placement Cleanup
Netlist sorting complete. Time (s): cpu = 00:00:00 ; elapsed = 00:00:00 . Memory (MB): peak = 2901.426 ; gain = 0.000 ; free physical = 651 ; free virtual = 6629

Time (s): cpu = 00:01:16 ; elapsed = 00:00:17 . Memory (MB): peak = 2901.426 ; gain = 0.000 ; free physical = 651 ; free virtual = 6629
Phase 4 Post Placement Optimization and Clean-Up | Checksum: 18f2d32ce

Time (s): cpu = 00:01:16 ; elapsed = 00:00:17 . Memory (MB): peak = 2901.426 ; gain = 0.000 ; free physical = 651 ; free virtual = 6629
Ending Placer Task | Checksum: 16a7570e5

Time (s): cpu = 00:01:16 ; elapsed = 00:00:17 . Memory (MB): peak = 2901.426 ; gain = 0.000 ; free physical = 651 ; free virtual = 6629
INFO: [Common 17-83] Releasing license: Implementation
69 Infos, 1 Warnings, 0 Critical Warnings and 0 Errors encountered.
place_design completed successfully
place_design: Time (s): cpu = 00:01:17 ; elapsed = 00:00:18 . Memory (MB): peak = 2901.426 ; gain = 0.000 ; free physical = 672 ; free virtual = 6649
INFO: [Timing 38-480] Writing timing data to binary archive.
Writing XDEF routing.
Writing XDEF routing logical nets.
Writing XDEF routing special nets.
Write XDEF Complete: Time (s): cpu = 00:00:01 ; elapsed = 00:00:00.47 . Memory (MB): peak = 2901.426 ; gain = 0.000 ; free physical = 650 ; free virtual = 6643
INFO: [Common 17-1381] The checkpoint '/home/student/Documents/cursoML2025/git/ML_FPGA_UNMdP/labs/lab8/Lab8-01/Lab8-01.runs/impl_1/MLZedboard_wrapper_placed.dcp' has been generated.
INFO: [runtcl-4] Executing : report_io -file MLZedboard_wrapper_io_placed.rpt
report_io: Time (s): cpu = 00:00:00.1 ; elapsed = 00:00:00.16 . Memory (MB): peak = 2901.426 ; gain = 0.000 ; free physical = 641 ; free virtual = 6623
INFO: [runtcl-4] Executing : report_utilization -file MLZedboard_wrapper_utilization_placed.rpt -pb MLZedboard_wrapper_utilization_placed.pb
INFO: [runtcl-4] Executing : report_control_sets -verbose -file MLZedboard_wrapper_control_sets_placed.rpt
report_control_sets: Time (s): cpu = 00:00:00.06 ; elapsed = 00:00:00.1 . Memory (MB): peak = 2901.426 ; gain = 0.000 ; free physical = 637 ; free virtual = 6619
Command: phys_opt_design
Attempting to get a license for feature 'Implementation' and/or device 'xc7z020'
INFO: [Common 17-349] Got license for feature 'Implementation' and/or device 'xc7z020'

Starting Initial Update Timing Task

Time (s): cpu = 00:00:01 ; elapsed = 00:00:00.5 . Memory (MB): peak = 2901.426 ; gain = 0.000 ; free physical = 626 ; free virtual = 6608
INFO: [Vivado_Tcl 4-383] Design worst setup slack (WNS) is greater than or equal to 0.000 ns. Skipping all physical synthesis optimizations.
INFO: [Vivado_Tcl 4-232] No setup violation found. The netlist was not modified.
INFO: [Common 17-83] Releasing license: Implementation
78 Infos, 1 Warnings, 0 Critical Warnings and 0 Errors encountered.
phys_opt_design completed successfully
INFO: [Timing 38-480] Writing timing data to binary archive.
Writing XDEF routing.
Writing XDEF routing logical nets.
Writing XDEF routing special nets.
Write XDEF Complete: Time (s): cpu = 00:00:01 ; elapsed = 00:00:00.48 . Memory (MB): peak = 2901.426 ; gain = 0.000 ; free physical = 594 ; free virtual = 6591
INFO: [Common 17-1381] The checkpoint '/home/student/Documents/cursoML2025/git/ML_FPGA_UNMdP/labs/lab8/Lab8-01/Lab8-01.runs/impl_1/MLZedboard_wrapper_physopt.dcp' has been generated.
Command: route_design
Attempting to get a license for feature 'Implementation' and/or device 'xc7z020'
INFO: [Common 17-349] Got license for feature 'Implementation' and/or device 'xc7z020'
Running DRC as a precondition to command route_design
INFO: [DRC 23-27] Running DRC with 8 threads
INFO: [Vivado_Tcl 4-198] DRC finished with 0 Errors
INFO: [Vivado_Tcl 4-199] Please refer to the DRC report (report_drc) for more information.


Starting Routing Task
INFO: [Route 35-254] Multithreading enabled for route_design using a maximum of 8 CPUs

Phase 1 Build RT Design
Checksum: PlaceDB: a2394d9d ConstDB: 0 ShapeSum: c83c2348 RouteDB: 0
Post Restoration Checksum: NetGraph: 5bdde632 NumContArr: 4a48fdad Constraints: 0 Timing: 0
Phase 1 Build RT Design | Checksum: a626e3df

Time (s): cpu = 00:00:14 ; elapsed = 00:00:11 . Memory (MB): peak = 2901.426 ; gain = 0.000 ; free physical = 512 ; free virtual = 6498

Phase 2 Router Initialization

Phase 2.1 Fix Topology Constraints
Phase 2.1 Fix Topology Constraints | Checksum: a626e3df

Time (s): cpu = 00:00:14 ; elapsed = 00:00:11 . Memory (MB): peak = 2901.426 ; gain = 0.000 ; free physical = 472 ; free virtual = 6459

Phase 2.2 Pre Route Cleanup
Phase 2.2 Pre Route Cleanup | Checksum: a626e3df

Time (s): cpu = 00:00:14 ; elapsed = 00:00:11 . Memory (MB): peak = 2901.426 ; gain = 0.000 ; free physical = 472 ; free virtual = 6460
 Number of Nodes with overlaps = 0

Phase 2.3 Update Timing
Phase 2.3 Update Timing | Checksum: 122ce1e8d

Time (s): cpu = 00:00:17 ; elapsed = 00:00:12 . Memory (MB): peak = 2901.426 ; gain = 0.000 ; free physical = 444 ; free virtual = 6431
INFO: [Route 35-416] Intermediate Timing Summary | WNS=0.488  | TNS=0.000  | WHS=-0.171 | THS=-20.486|


Router Utilization Summary
  Global Vertical Routing Utilization    = 0 %
  Global Horizontal Routing Utilization  = 0 %
  Routable Net Status*
  *Does not include unroutable nets such as driverless and loadless.
  Run report_route_status for detailed report.
  Number of Failed Nets               = 8136
    (Failed Nets is the sum of unrouted and partially routed nets)
  Number of Unrouted Nets             = 8136
  Number of Partially Routed Nets     = 0
  Number of Node Overlaps             = 0

Phase 2 Router Initialization | Checksum: 12adca62f

Time (s): cpu = 00:00:18 ; elapsed = 00:00:13 . Memory (MB): peak = 2901.426 ; gain = 0.000 ; free physical = 432 ; free virtual = 6420

Phase 3 Initial Routing

Phase 3.1 Global Routing
Phase 3.1 Global Routing | Checksum: 12adca62f

Time (s): cpu = 00:00:18 ; elapsed = 00:00:13 . Memory (MB): peak = 2901.426 ; gain = 0.000 ; free physical = 432 ; free virtual = 6420
Phase 3 Initial Routing | Checksum: 29773d58d

Time (s): cpu = 00:00:20 ; elapsed = 00:00:13 . Memory (MB): peak = 2910.277 ; gain = 8.852 ; free physical = 408 ; free virtual = 6395

Phase 4 Rip-up And Reroute

Phase 4.1 Global Iteration 0
 Number of Nodes with overlaps = 332
 Number of Nodes with overlaps = 30
 Number of Nodes with overlaps = 18
 Number of Nodes with overlaps = 10
 Number of Nodes with overlaps = 3
 Number of Nodes with overlaps = 0
INFO: [Route 35-416] Intermediate Timing Summary | WNS=0.718  | TNS=0.000  | WHS=N/A    | THS=N/A    |

Phase 4.1 Global Iteration 0 | Checksum: dac17e7a

Time (s): cpu = 00:00:22 ; elapsed = 00:00:15 . Memory (MB): peak = 2910.277 ; gain = 8.852 ; free physical = 420 ; free virtual = 6408
Phase 4 Rip-up And Reroute | Checksum: dac17e7a

Time (s): cpu = 00:00:22 ; elapsed = 00:00:15 . Memory (MB): peak = 2910.277 ; gain = 8.852 ; free physical = 420 ; free virtual = 6408

Phase 5 Delay and Skew Optimization

Phase 5.1 Delay CleanUp

Phase 5.1.1 Update Timing
Phase 5.1.1 Update Timing | Checksum: 12a7389dd

Time (s): cpu = 00:00:23 ; elapsed = 00:00:15 . Memory (MB): peak = 2910.277 ; gain = 8.852 ; free physical = 424 ; free virtual = 6411
INFO: [Route 35-416] Intermediate Timing Summary | WNS=0.749  | TNS=0.000  | WHS=N/A    | THS=N/A    |

Phase 5.1 Delay CleanUp | Checksum: 12a7389dd

Time (s): cpu = 00:00:23 ; elapsed = 00:00:16 . Memory (MB): peak = 2910.277 ; gain = 8.852 ; free physical = 424 ; free virtual = 6411

Phase 5.2 Clock Skew Optimization
Phase 5.2 Clock Skew Optimization | Checksum: 12a7389dd

Time (s): cpu = 00:00:23 ; elapsed = 00:00:16 . Memory (MB): peak = 2910.277 ; gain = 8.852 ; free physical = 424 ; free virtual = 6411
Phase 5 Delay and Skew Optimization | Checksum: 12a7389dd

Time (s): cpu = 00:00:23 ; elapsed = 00:00:16 . Memory (MB): peak = 2910.277 ; gain = 8.852 ; free physical = 424 ; free virtual = 6411

Phase 6 Post Hold Fix

Phase 6.1 Hold Fix Iter

Phase 6.1.1 Update Timing
Phase 6.1.1 Update Timing | Checksum: 157f4d41a

Time (s): cpu = 00:00:23 ; elapsed = 00:00:16 . Memory (MB): peak = 2910.277 ; gain = 8.852 ; free physical = 424 ; free virtual = 6411
INFO: [Route 35-416] Intermediate Timing Summary | WNS=0.749  | TNS=0.000  | WHS=0.039  | THS=0.000  |

Phase 6.1 Hold Fix Iter | Checksum: 164cdc871

Time (s): cpu = 00:00:23 ; elapsed = 00:00:16 . Memory (MB): peak = 2910.277 ; gain = 8.852 ; free physical = 424 ; free virtual = 6411
Phase 6 Post Hold Fix | Checksum: 164cdc871

Time (s): cpu = 00:00:24 ; elapsed = 00:00:16 . Memory (MB): peak = 2910.277 ; gain = 8.852 ; free physical = 424 ; free virtual = 6411

Phase 7 Route finalize

Router Utilization Summary
  Global Vertical Routing Utilization    = 1.74842 %
  Global Horizontal Routing Utilization  = 2.08139 %
  Routable Net Status*
  *Does not include unroutable nets such as driverless and loadless.
  Run report_route_status for detailed report.
  Number of Failed Nets               = 0
    (Failed Nets is the sum of unrouted and partially routed nets)
  Number of Unrouted Nets             = 0
  Number of Partially Routed Nets     = 0
  Number of Node Overlaps             = 0

Phase 7 Route finalize | Checksum: 11d49263c

Time (s): cpu = 00:00:24 ; elapsed = 00:00:16 . Memory (MB): peak = 2910.277 ; gain = 8.852 ; free physical = 424 ; free virtual = 6411

Phase 8 Verifying routed nets

 Verification completed successfully
Phase 8 Verifying routed nets | Checksum: 11d49263c

Time (s): cpu = 00:00:24 ; elapsed = 00:00:16 . Memory (MB): peak = 2910.277 ; gain = 8.852 ; free physical = 424 ; free virtual = 6411

Phase 9 Depositing Routes
Phase 9 Depositing Routes | Checksum: 1c5ed3481

Time (s): cpu = 00:00:24 ; elapsed = 00:00:16 . Memory (MB): peak = 2926.285 ; gain = 24.859 ; free physical = 426 ; free virtual = 6413

Phase 10 Post Router Timing
INFO: [Route 35-57] Estimated Timing Summary | WNS=0.749  | TNS=0.000  | WHS=0.039  | THS=0.000  |

INFO: [Route 35-327] The final timing numbers are based on the router estimated timing analysis. For a complete and accurate timing signoff, please run report_timing_summary.
Phase 10 Post Router Timing | Checksum: 1c5ed3481

Time (s): cpu = 00:00:25 ; elapsed = 00:00:16 . Memory (MB): peak = 2926.285 ; gain = 24.859 ; free physical = 428 ; free virtual = 6416
INFO: [Route 35-16] Router Completed Successfully

Time (s): cpu = 00:00:25 ; elapsed = 00:00:16 . Memory (MB): peak = 2926.285 ; gain = 24.859 ; free physical = 471 ; free virtual = 6458

Routing Is Done.
INFO: [Common 17-83] Releasing license: Implementation
93 Infos, 1 Warnings, 0 Critical Warnings and 0 Errors encountered.
route_design completed successfully
route_design: Time (s): cpu = 00:00:26 ; elapsed = 00:00:17 . Memory (MB): peak = 2926.285 ; gain = 24.859 ; free physical = 471 ; free virtual = 6458
INFO: [Timing 38-480] Writing timing data to binary archive.
Writing XDEF routing.
Writing XDEF routing logical nets.
Writing XDEF routing special nets.
Write XDEF Complete: Time (s): cpu = 00:00:01 ; elapsed = 00:00:00.56 . Memory (MB): peak = 2926.285 ; gain = 0.000 ; free physical = 445 ; free virtual = 6450
INFO: [Common 17-1381] The checkpoint '/home/student/Documents/cursoML2025/git/ML_FPGA_UNMdP/labs/lab8/Lab8-01/Lab8-01.runs/impl_1/MLZedboard_wrapper_routed.dcp' has been generated.
INFO: [runtcl-4] Executing : report_drc -file MLZedboard_wrapper_drc_routed.rpt -pb MLZedboard_wrapper_drc_routed.pb -rpx MLZedboard_wrapper_drc_routed.rpx
Command: report_drc -file MLZedboard_wrapper_drc_routed.rpt -pb MLZedboard_wrapper_drc_routed.pb -rpx MLZedboard_wrapper_drc_routed.rpx
INFO: [IP_Flow 19-1839] IP Catalog is up to date.
INFO: [DRC 23-27] Running DRC with 8 threads
INFO: [Vivado_Tcl 2-168] The results of DRC are in file /home/student/Documents/cursoML2025/git/ML_FPGA_UNMdP/labs/lab8/Lab8-01/Lab8-01.runs/impl_1/MLZedboard_wrapper_drc_routed.rpt.
report_drc completed successfully
INFO: [runtcl-4] Executing : report_methodology -file MLZedboard_wrapper_methodology_drc_routed.rpt -pb MLZedboard_wrapper_methodology_drc_routed.pb -rpx MLZedboard_wrapper_methodology_drc_routed.rpx
Command: report_methodology -file MLZedboard_wrapper_methodology_drc_routed.rpt -pb MLZedboard_wrapper_methodology_drc_routed.pb -rpx MLZedboard_wrapper_methodology_drc_routed.rpx
INFO: [Timing 38-35] Done setting XDC timing constraints.
INFO: [DRC 23-133] Running Methodology with 8 threads
INFO: [Vivado_Tcl 2-1520] The results of Report Methodology are in file /home/student/Documents/cursoML2025/git/ML_FPGA_UNMdP/labs/lab8/Lab8-01/Lab8-01.runs/impl_1/MLZedboard_wrapper_methodology_drc_routed.rpt.
report_methodology completed successfully
INFO: [runtcl-4] Executing : report_power -file MLZedboard_wrapper_power_routed.rpt -pb MLZedboard_wrapper_power_summary_routed.pb -rpx MLZedboard_wrapper_power_routed.rpx
Command: report_power -file MLZedboard_wrapper_power_routed.rpt -pb MLZedboard_wrapper_power_summary_routed.pb -rpx MLZedboard_wrapper_power_routed.rpx
INFO: [Timing 38-35] Done setting XDC timing constraints.
Running Vector-less Activity Propagation...

Finished Running Vector-less Activity Propagation
105 Infos, 1 Warnings, 0 Critical Warnings and 0 Errors encountered.
report_power completed successfully
INFO: [runtcl-4] Executing : report_route_status -file MLZedboard_wrapper_route_status.rpt -pb MLZedboard_wrapper_route_status.pb
INFO: [runtcl-4] Executing : report_timing_summary -max_paths 10 -report_unconstrained -file MLZedboard_wrapper_timing_summary_routed.rpt -pb MLZedboard_wrapper_timing_summary_routed.pb -rpx MLZedboard_wrapper_timing_summary_routed.rpx -warn_on_violation 
INFO: [Timing 38-91] UpdateTimingParams: Speed grade: -1, Delay Type: min_max.
INFO: [Timing 38-191] Multithreading enabled for timing update using a maximum of 8 CPUs
INFO: [runtcl-4] Executing : report_incremental_reuse -file MLZedboard_wrapper_incremental_reuse_routed.rpt
INFO: [Vivado_Tcl 4-1062] Incremental flow is disabled. No incremental reuse Info to report.
INFO: [runtcl-4] Executing : report_clock_utilization -file MLZedboard_wrapper_clock_utilization_routed.rpt
INFO: [runtcl-4] Executing : report_bus_skew -warn_on_violation -file MLZedboard_wrapper_bus_skew_routed.rpt -pb MLZedboard_wrapper_bus_skew_routed.pb -rpx MLZedboard_wrapper_bus_skew_routed.rpx
INFO: [Timing 38-91] UpdateTimingParams: Speed grade: -1, Delay Type: min_max.
INFO: [Timing 38-191] Multithreading enabled for timing update using a maximum of 8 CPUs
Command: write_bitstream -force MLZedboard_wrapper.bit
Attempting to get a license for feature 'Implementation' and/or device 'xc7z020'
INFO: [Common 17-349] Got license for feature 'Implementation' and/or device 'xc7z020'
Running DRC as a precondition to command write_bitstream
INFO: [IP_Flow 19-1839] IP Catalog is up to date.
INFO: [DRC 23-27] Running DRC with 8 threads
WARNING: [DRC DPIP-1] Input pipelining: DSP MLZedboard_i/inference_0/inst/grp_inference_Pipeline_VITIS_LOOP_41_1_fu_3207/mul_32s_34ns_65_1_1_U1/dout input MLZedboard_i/inference_0/inst/grp_inference_Pipeline_VITIS_LOOP_41_1_fu_3207/mul_32s_34ns_65_1_1_U1/dout/B[17:0] is not pipelined. Pipelining DSP48 input will improve performance.
WARNING: [DRC DPIP-1] Input pipelining: DSP MLZedboard_i/inference_0/inst/grp_inference_Pipeline_VITIS_LOOP_41_1_fu_3207/mul_32s_34ns_65_1_1_U1/dout__0 input MLZedboard_i/inference_0/inst/grp_inference_Pipeline_VITIS_LOOP_41_1_fu_3207/mul_32s_34ns_65_1_1_U1/dout__0/B[17:0] is not pipelined. Pipelining DSP48 input will improve performance.
WARNING: [DRC DPIP-1] Input pipelining: DSP MLZedboard_i/inference_0/inst/grp_inference_Pipeline_VITIS_LOOP_41_1_fu_3207/mul_32s_34ns_65_1_1_U1/dout__1 input MLZedboard_i/inference_0/inst/grp_inference_Pipeline_VITIS_LOOP_41_1_fu_3207/mul_32s_34ns_65_1_1_U1/dout__1/A[29:0] is not pipelined. Pipelining DSP48 input will improve performance.
WARNING: [DRC DPOP-1] PREG Output pipelining: DSP MLZedboard_i/inference_0/inst/call_ret3_dense_latency_ap_fixed_16_7_4_0_0_ap_fixed_16_6_5_3_0_config5_s_fu_4768/mul_16s_5ns_19_1_1_U1547/dout output MLZedboard_i/inference_0/inst/call_ret3_dense_latency_ap_fixed_16_7_4_0_0_ap_fixed_16_6_5_3_0_config5_s_fu_4768/mul_16s_5ns_19_1_1_U1547/dout/P[47:0] is not pipelined (PREG=0). Pipelining the DSP48 output will improve performance and often saves power so it is suggested whenever possible to fully pipeline this function.  If this DSP48 function was inferred, it is suggested to describe an additional register stage after this function.  If the DSP48 was instantiated in the design, it is suggested to set the PREG attribute to 1.
WARNING: [DRC DPOP-1] PREG Output pipelining: DSP MLZedboard_i/inference_0/inst/call_ret3_dense_latency_ap_fixed_16_7_4_0_0_ap_fixed_16_6_5_3_0_config5_s_fu_4768/mul_16s_5ns_19_1_1_U1548/dout output MLZedboard_i/inference_0/inst/call_ret3_dense_latency_ap_fixed_16_7_4_0_0_ap_fixed_16_6_5_3_0_config5_s_fu_4768/mul_16s_5ns_19_1_1_U1548/dout/P[47:0] is not pipelined (PREG=0). Pipelining the DSP48 output will improve performance and often saves power so it is suggested whenever possible to fully pipeline this function.  If this DSP48 function was inferred, it is suggested to describe an additional register stage after this function.  If the DSP48 was instantiated in the design, it is suggested to set the PREG attribute to 1.
WARNING: [DRC DPOP-1] PREG Output pipelining: DSP MLZedboard_i/inference_0/inst/grp_inference_Pipeline_VITIS_LOOP_41_1_fu_3207/mul_32s_34ns_65_1_1_U1/dout output MLZedboard_i/inference_0/inst/grp_inference_Pipeline_VITIS_LOOP_41_1_fu_3207/mul_32s_34ns_65_1_1_U1/dout/P[47:0] is not pipelined (PREG=0). Pipelining the DSP48 output will improve performance and often saves power so it is suggested whenever possible to fully pipeline this function.  If this DSP48 function was inferred, it is suggested to describe an additional register stage after this function.  If the DSP48 was instantiated in the design, it is suggested to set the PREG attribute to 1.
WARNING: [DRC DPOP-1] PREG Output pipelining: DSP MLZedboard_i/inference_0/inst/grp_inference_Pipeline_VITIS_LOOP_41_1_fu_3207/mul_32s_34ns_65_1_1_U1/dout__0 output MLZedboard_i/inference_0/inst/grp_inference_Pipeline_VITIS_LOOP_41_1_fu_3207/mul_32s_34ns_65_1_1_U1/dout__0/P[47:0] is not pipelined (PREG=0). Pipelining the DSP48 output will improve performance and often saves power so it is suggested whenever possible to fully pipeline this function.  If this DSP48 function was inferred, it is suggested to describe an additional register stage after this function.  If the DSP48 was instantiated in the design, it is suggested to set the PREG attribute to 1.
WARNING: [DRC DPOP-1] PREG Output pipelining: DSP MLZedboard_i/inference_0/inst/grp_inference_Pipeline_VITIS_LOOP_41_1_fu_3207/mul_32s_34ns_65_1_1_U1/dout__1 output MLZedboard_i/inference_0/inst/grp_inference_Pipeline_VITIS_LOOP_41_1_fu_3207/mul_32s_34ns_65_1_1_U1/dout__1/P[47:0] is not pipelined (PREG=0). Pipelining the DSP48 output will improve performance and often saves power so it is suggested whenever possible to fully pipeline this function.  If this DSP48 function was inferred, it is suggested to describe an additional register stage after this function.  If the DSP48 was instantiated in the design, it is suggested to set the PREG attribute to 1.
WARNING: [DRC DPOP-1] PREG Output pipelining: DSP MLZedboard_i/inference_0/inst/grp_inference_Pipeline_VITIS_LOOP_41_1_fu_3207/mul_32s_34ns_65_1_1_U1/dout__2 output MLZedboard_i/inference_0/inst/grp_inference_Pipeline_VITIS_LOOP_41_1_fu_3207/mul_32s_34ns_65_1_1_U1/dout__2/P[47:0] is not pipelined (PREG=0). Pipelining the DSP48 output will improve performance and often saves power so it is suggested whenever possible to fully pipeline this function.  If this DSP48 function was inferred, it is suggested to describe an additional register stage after this function.  If the DSP48 was instantiated in the design, it is suggested to set the PREG attribute to 1.
WARNING: [DRC DPOP-2] MREG Output pipelining: DSP MLZedboard_i/inference_0/inst/call_ret3_dense_latency_ap_fixed_16_7_4_0_0_ap_fixed_16_6_5_3_0_config5_s_fu_4768/mul_16s_5ns_19_1_1_U1547/dout multiplier stage MLZedboard_i/inference_0/inst/call_ret3_dense_latency_ap_fixed_16_7_4_0_0_ap_fixed_16_6_5_3_0_config5_s_fu_4768/mul_16s_5ns_19_1_1_U1547/dout/P[47:0] is not pipelined (MREG=0). Pipelining the multiplier function will improve performance and will save significant power so it is suggested whenever possible to fully pipeline this function.  If this multiplier was inferred, it is suggested to describe an additional register stage after this function.  If there is no registered adder/accumulator following the multiply function, two pipeline stages are suggested to allow both the MREG and PREG registers to be used.  If the DSP48 was instantiated in the design, it is suggested to set both the MREG and PREG attributes to 1 when performing multiply functions.
WARNING: [DRC DPOP-2] MREG Output pipelining: DSP MLZedboard_i/inference_0/inst/call_ret3_dense_latency_ap_fixed_16_7_4_0_0_ap_fixed_16_6_5_3_0_config5_s_fu_4768/mul_16s_5ns_19_1_1_U1548/dout multiplier stage MLZedboard_i/inference_0/inst/call_ret3_dense_latency_ap_fixed_16_7_4_0_0_ap_fixed_16_6_5_3_0_config5_s_fu_4768/mul_16s_5ns_19_1_1_U1548/dout/P[47:0] is not pipelined (MREG=0). Pipelining the multiplier function will improve performance and will save significant power so it is suggested whenever possible to fully pipeline this function.  If this multiplier was inferred, it is suggested to describe an additional register stage after this function.  If there is no registered adder/accumulator following the multiply function, two pipeline stages are suggested to allow both the MREG and PREG registers to be used.  If the DSP48 was instantiated in the design, it is suggested to set both the MREG and PREG attributes to 1 when performing multiply functions.
WARNING: [DRC DPOP-2] MREG Output pipelining: DSP MLZedboard_i/inference_0/inst/grp_inference_Pipeline_VITIS_LOOP_41_1_fu_3207/mul_32s_34ns_65_1_1_U1/dout multiplier stage MLZedboard_i/inference_0/inst/grp_inference_Pipeline_VITIS_LOOP_41_1_fu_3207/mul_32s_34ns_65_1_1_U1/dout/P[47:0] is not pipelined (MREG=0). Pipelining the multiplier function will improve performance and will save significant power so it is suggested whenever possible to fully pipeline this function.  If this multiplier was inferred, it is suggested to describe an additional register stage after this function.  If there is no registered adder/accumulator following the multiply function, two pipeline stages are suggested to allow both the MREG and PREG registers to be used.  If the DSP48 was instantiated in the design, it is suggested to set both the MREG and PREG attributes to 1 when performing multiply functions.
WARNING: [DRC DPOP-2] MREG Output pipelining: DSP MLZedboard_i/inference_0/inst/grp_inference_Pipeline_VITIS_LOOP_41_1_fu_3207/mul_32s_34ns_65_1_1_U1/dout__0 multiplier stage MLZedboard_i/inference_0/inst/grp_inference_Pipeline_VITIS_LOOP_41_1_fu_3207/mul_32s_34ns_65_1_1_U1/dout__0/P[47:0] is not pipelined (MREG=0). Pipelining the multiplier function will improve performance and will save significant power so it is suggested whenever possible to fully pipeline this function.  If this multiplier was inferred, it is suggested to describe an additional register stage after this function.  If there is no registered adder/accumulator following the multiply function, two pipeline stages are suggested to allow both the MREG and PREG registers to be used.  If the DSP48 was instantiated in the design, it is suggested to set both the MREG and PREG attributes to 1 when performing multiply functions.
WARNING: [DRC DPOP-2] MREG Output pipelining: DSP MLZedboard_i/inference_0/inst/grp_inference_Pipeline_VITIS_LOOP_41_1_fu_3207/mul_32s_34ns_65_1_1_U1/dout__1 multiplier stage MLZedboard_i/inference_0/inst/grp_inference_Pipeline_VITIS_LOOP_41_1_fu_3207/mul_32s_34ns_65_1_1_U1/dout__1/P[47:0] is not pipelined (MREG=0). Pipelining the multiplier function will improve performance and will save significant power so it is suggested whenever possible to fully pipeline this function.  If this multiplier was inferred, it is suggested to describe an additional register stage after this function.  If there is no registered adder/accumulator following the multiply function, two pipeline stages are suggested to allow both the MREG and PREG registers to be used.  If the DSP48 was instantiated in the design, it is suggested to set both the MREG and PREG attributes to 1 when performing multiply functions.
WARNING: [DRC DPOP-2] MREG Output pipelining: DSP MLZedboard_i/inference_0/inst/grp_inference_Pipeline_VITIS_LOOP_41_1_fu_3207/mul_32s_34ns_65_1_1_U1/dout__2 multiplier stage MLZedboard_i/inference_0/inst/grp_inference_Pipeline_VITIS_LOOP_41_1_fu_3207/mul_32s_34ns_65_1_1_U1/dout__2/P[47:0] is not pipelined (MREG=0). Pipelining the multiplier function will improve performance and will save significant power so it is suggested whenever possible to fully pipeline this function.  If this multiplier was inferred, it is suggested to describe an additional register stage after this function.  If there is no registered adder/accumulator following the multiply function, two pipeline stages are suggested to allow both the MREG and PREG registers to be used.  If the DSP48 was instantiated in the design, it is suggested to set both the MREG and PREG attributes to 1 when performing multiply functions.
INFO: [Vivado 12-3199] DRC finished with 0 Errors, 15 Warnings
INFO: [Vivado 12-3200] Please refer to the DRC report (report_drc) for more information.
INFO: [Designutils 20-2272] Running write_bitstream with 8 threads.
Loading data files...
Loading site data...
Loading route data...
Processing options...
Creating bitmap...
Creating bitstream...
Writing bitstream ./MLZedboard_wrapper.bit...
INFO: [Vivado 12-1842] Bitgen Completed Successfully.
INFO: [Project 1-1876] WebTalk data collection is mandatory when using a ULT device. To see the specific WebTalk data collected for your design, open the usage_statistics_webtalk.html or usage_statistics_webtalk.xml file in the implementation directory.
INFO: [Common 17-83] Releasing license: Implementation
12 Infos, 15 Warnings, 0 Critical Warnings and 0 Errors encountered.
write_bitstream completed successfully
write_bitstream: Time (s): cpu = 00:00:11 ; elapsed = 00:00:09 . Memory (MB): peak = 3264.043 ; gain = 254.730 ; free physical = 691 ; free virtual = 6457
INFO: [Common 17-206] Exiting Vivado at Fri Apr 11 15:00:43 2025...
